<?xml version="1.0" encoding="utf-8"?><testsuites><testsuite name="pytest" errors="0" failures="0" skipped="0" tests="100" time="4.755" timestamp="2026-02-25T11:34:42.128843" hostname="phbr-X570-UD"><testcase classname="tests.test_adapter_log_validation" name="test_log_adapter_validation_happy_path[happy-path-value-error-simple-message]" time="0.002" /><testcase classname="tests.test_adapter_log_validation" name="test_log_adapter_validation_happy_path[happy-path-runtime-error-unicode-message]" time="0.001" /><testcase classname="tests.test_adapter_log_validation" name="test_log_adapter_validation_happy_path[happy-path-empty-error-message]" time="0.001" /><testcase classname="tests.test_adapter_log_validation" name="test_log_adapter_validation_edge_cases[edge-case-empty-provider-name]" time="0.001" /><testcase classname="tests.test_adapter_log_validation" name="test_log_adapter_validation_edge_cases[edge-case-empty-ticker]" time="0.001" /><testcase classname="tests.test_adapter_log_validation" name="test_log_adapter_validation_error_paths[error-case-import-fails]" time="0.002" /><testcase classname="tests.test_adapter_log_validation" name="test_log_adapter_validation_error_paths[error-case-log-invalid-rows-fails]" time="0.003" /><testcase classname="tests.test_adapters.TestAdapterErrors" name="test_adapter_error_basic" time="0.001" /><testcase classname="tests.test_adapters.TestAdapterErrors" name="test_adapter_error_with_original_exception" time="0.000" /><testcase classname="tests.test_adapters.TestAdapterErrors" name="test_fetch_error" time="0.000" /><testcase classname="tests.test_adapters.TestAdapterErrors" name="test_network_error" time="0.001" /><testcase classname="tests.test_adapters.TestAdapterErrors" name="test_validation_error" time="0.001" /><testcase classname="tests.test_adapters.TestAdapterErrors" name="test_rate_limit_error" time="0.001" /><testcase classname="tests.test_adapters.TestAdapterInterface" name="test_adapter_is_abstract" time="0.001" /><testcase classname="tests.test_adapters.TestAdapterInterface" name="test_adapter_requires_fetch_implementation" time="0.001" /><testcase classname="tests.test_adapters.TestAdapterInterface" name="test_adapter_get_metadata" time="0.001" /><testcase classname="tests.test_adapters.TestYFinanceAdapter" name="test_adapter_initialization" time="0.001" /><testcase classname="tests.test_adapters.TestYFinanceAdapter" name="test_adapter_custom_initialization" time="0.001" /><testcase classname="tests.test_adapters.TestYFinanceAdapter" name="test_normalize_ticker_b3" time="0.001" /><testcase classname="tests.test_adapters.TestYFinanceAdapter" name="test_normalize_ticker_already_has_suffix" time="0.001" /><testcase classname="tests.test_adapters.TestYFinanceAdapter" name="test_normalize_ticker_non_b3" time="0.001" /><testcase classname="tests.test_adapters.TestYFinanceAdapter" name="test_normalize_date_yyyy_mm_dd" time="0.001" /><testcase classname="tests.test_adapters.TestYFinanceAdapter" name="test_fetch_success" time="0.007" /><testcase classname="tests.test_adapters.TestYFinanceAdapter" name="test_fetch_empty_dataframe_raises_validation_error" time="0.008" /><testcase classname="tests.test_adapters.TestYFinanceAdapter" name="test_fetch_missing_columns_raises_validation_error" time="0.007" /><testcase classname="tests.test_adapters.TestYFinanceAdapter" name="test_fetch_network_error_with_retry" time="0.002" /><testcase classname="tests.test_adapters.TestYFinanceAdapter" name="test_fetch_max_retries_exceeded_raises_network_error" time="0.002" /><testcase classname="tests.test_adapters.TestYFinanceAdapter" name="test_fetch_generic_error_with_retry" time="0.002" /><testcase classname="tests.test_adapters.TestYFinanceAdapter" name="test_fetch_all_retries_fail_raises_fetch_error" time="0.002" /><testcase classname="tests.test_adapters.TestYFinanceAdapter" name="test_fetch_uses_default_dates" time="0.002" /><testcase classname="tests.test_adapters.TestYFinanceAdapter" name="test_get_metadata" time="0.001" /><testcase classname="tests.test_adapters.TestYFinanceAdapter" name="test_get_metadata_when_yfinance_missing" time="0.001" /><testcase classname="tests.test_adapters.TestYFinanceAdapter.TestAdapterBaseHelpers" name="test_adapter_normalize_date_valid_formats" time="0.001" /><testcase classname="tests.test_adapters.TestYFinanceAdapter.TestAdapterBaseHelpers" name="test_adapter_normalize_date_invalid_format_raises_validation_error" time="0.001" /><testcase classname="tests.test_adapters.TestYFinanceAdapter.TestAdapterBaseHelpers" name="test_adapter_validate_dataframe_empty_raises_validation_error" time="0.001" /><testcase classname="tests.test_adapters.TestYFinanceAdapter.TestAdapterBaseHelpers" name="test_validate_dataframe_missing_required_columns_mentions_them" time="0.001" /><testcase classname="tests.test_adapters.TestYFinanceAdapter.TestAdapterBaseHelpers" name="test_validate_dataframe_non_datetime_index" time="0.001" /><testcase classname="tests.test_checksums" name="test_generate_and_compare" time="0.008" /><testcase classname="tests.test_checksums" name="test_detect_mismatch" time="0.001" /><testcase classname="tests.test_checksums" name="test_sha256_file_and_bytes" time="0.001" /><testcase classname="tests.test_cli" name="test_cli_help" time="0.015" /><testcase classname="tests.test_cli" name="test_main_help_exit_code_and_output" time="0.506" /><testcase classname="tests.test_concurrency_sqlite" name="test_concurrent_writes_file_backed" time="2.018" /><testcase classname="tests.test_db_write" name="test_write_and_read_idempotent" time="0.017" /><testcase classname="tests.test_fixture_multi" name="test_sample_ticker_multi_parsing" time="0.001" /><testcase classname="tests.test_init_ingest_db" name="test_init_db_creates_default" time="0.057" /><testcase classname="tests.test_init_ingest_db" name="test_init_db_refuses_outside_and_allows_with_flag" time="0.040" /><testcase classname="tests.test_integration_e2e_checksum" name="test_end_to_end_checksum_agreement" time="0.034" /><testcase classname="tests.test_mapper.TestToCanonical" name="test_successful_mapping_from_yfinance" time="0.011" /><testcase classname="tests.test_mapper.TestToCanonical" name="test_missing_required_columns_raises_error" time="0.001" /><testcase classname="tests.test_mapper.TestToCanonical" name="test_raw_checksum_correctness" time="0.023" /><testcase classname="tests.test_mapper.TestToCanonical" name="test_canonical_schema_validation" time="0.027" /><testcase classname="tests.test_mapper.TestToCanonical" name="test_invalid_types_fail_validation" time="0.016" /><testcase classname="tests.test_mapper.TestToCanonical" name="test_empty_dataframe_raises_error" time="0.001" /><testcase classname="tests.test_mapper.TestToCanonical" name="test_timezone_normalization_to_utc" time="0.012" /><testcase classname="tests.test_mapper.TestToCanonical" name="test_metadata_preserved_in_attrs" time="0.011" /><testcase classname="tests.test_metadata_contract" name="test_example_metadata_matches_schema" time="0.055" /><testcase classname="tests.test_metadata_contract" name="test_validate_script_returns_ok" time="0.102" /><testcase classname="tests.test_retry" name="test_retry_config_compute_delay_ms" time="0.001" /><testcase classname="tests.test_retry" name="test_metrics_are_recorded_on_retries" time="0.002" /><testcase classname="tests.test_returns" name="test_compute_returns_happy_path" time="0.015" /><testcase classname="tests.test_returns" name="test_compute_returns_idempotent" time="0.008" /><testcase classname="tests.test_returns" name="test_compute_returns_range" time="0.006" /><testcase classname="tests.test_returns" name="test_write_returns_preserves_created_at_when_upsert_supported" time="0.009" /><testcase classname="tests.test_returns" name="test_compute_returns_empty_and_single_price" time="0.004" /><testcase classname="tests.test_sample_db_multi_integration" name="test_sample_db_multi_integration" time="0.001" /><testcase classname="tests.test_sample_fixture" name="test_sample_db_row_count" time="0.001" /><testcase classname="tests.test_sample_fixture" name="test_sample_db_price_for_date" time="0.001" /><testcase classname="tests.test_save_raw" name="test_save_raw_csv_and_register" time="0.006" /><testcase classname="tests.test_save_raw_permissions" name="test_save_raw_csv_set_permissions" time="0.006" /><testcase classname="tests.test_schema" name="test_example_matches_schema_header" time="0.001" /><testcase classname="tests.test_schema" name="test_example_matches_schema" time="0.001" /><testcase classname="tests.test_snapshot_dir_fixture" name="test_get_or_make_snapshot_dir_uses_env" time="0.001" /><testcase classname="tests.test_snapshot_dir_fixture" name="test_get_or_make_snapshot_dir_creates_tmpdir" time="0.001" /><testcase classname="tests.test_validate_snapshots_cli" name="test_update_writes_manifest" time="0.081" /><testcase classname="tests.test_validate_snapshots_cli" name="test_allow_external_remap_collision" time="0.080" /><testcase classname="tests.test_validate_snapshots_cli" name="test_invalid_manifest_path_errors" time="0.087" /><testcase classname="tests.test_validation.TestValidateDataFrame" name="test_validate_fully_valid_dataframe" time="0.011" /><testcase classname="tests.test_validation.TestValidateDataFrame" name="test_validate_empty_dataframe" time="0.001" /><testcase classname="tests.test_validation.TestValidateDataFrame" name="test_validate_dataframe_with_missing_required_column" time="0.010" /><testcase classname="tests.test_validation.TestValidateDataFrame" name="test_validate_dataframe_with_invalid_types" time="0.024" /><testcase classname="tests.test_validation.TestValidateDataFrame" name="test_validate_dataframe_with_constraint_violations" time="0.013" /><testcase classname="tests.test_validation.TestValidateDataFrame" name="test_validate_dataframe_under_threshold" time="0.013" /><testcase classname="tests.test_validation.TestValidateDataFrame" name="test_validate_dataframe_exceeds_threshold" time="0.015" /><testcase classname="tests.test_validation.TestCheckThreshold" name="test_check_threshold_within_limit" time="0.001" /><testcase classname="tests.test_validation.TestCheckThreshold" name="test_check_threshold_exceeds_limit_no_abort" time="0.001" /><testcase classname="tests.test_validation.TestCheckThreshold" name="test_check_threshold_exceeds_limit_with_abort" time="0.001" /><testcase classname="tests.test_validation.TestCheckThreshold" name="test_check_threshold_exact_limit" time="0.001" /><testcase classname="tests.test_validation_coercion" name="test_coerce_date_mixed_and_invalid" time="0.003" /><testcase classname="tests.test_validation_coercion" name="test_coerce_numeric_price_mixed_and_unconvertible" time="0.001" /><testcase classname="tests.test_validation_coercion" name="test_coerce_volume_to_nullable_int" time="0.001" /><testcase classname="tests.test_validation_coercion" name="test_in_place_modification" time="0.001" /><testcase classname="tests.test_validation_normalize" name="test_numeric_and_date_normalization" time="0.013" /><testcase classname="tests.test_validation_persistence" name="test_persist_and_log_invalid_rows" time="0.023" /><testcase classname="tests.e2e.test_acceptance_snapshot" name="test_acceptance_snapshot" time="0.169" /><testcase classname="tests.integration.test_mapper_integration.TestCanonicalMapperIntegration" name="test_canonical_output_shape_for_db_layer" time="0.011" /><testcase classname="tests.integration.test_mapper_integration.TestCanonicalMapperIntegration" name="test_canonical_output_ready_for_upsert_operation" time="0.011" /><testcase classname="tests.integration.test_pipeline_db_integration" name="test_pipeline_write_and_read_prices" time="0.101" /><testcase classname="tests.integration.test_quickstart_mocked" name="test_quickstart_mocked_creates_snapshot_and_validates_checksum" time="0.002" /><testcase classname="tests.integration.test_quickstart_playback" name="test_yfinance_adapter_playback" time="0.003" /></testsuite></testsuites>
